// 重构日志: 641d417f
// 重构日志: eba62aab
// 重构日志: a1c85318
// 同步 ID: bc117424 @ Sat Sep 12 06:41:23 UTC 2026
// 重构日志: 7b9ccaf8
// 重构日志: f5d2081b
// 重构日志: 5bc88e82
// 重构日志: 615d30c7
// 重构日志: 9f621ae0
// 同步 ID: 2b7aecd2 @ Fri Sep 18 02:07:33 UTC 2026
// 同步 ID: b1709055 @ Fri Sep 18 07:15:47 UTC 2026
// 同步 ID: 82b84c68 @ Fri Sep 18 12:16:24 UTC 2026
// 同步 ID: ab9bd53c @ Sat Sep 19 12:22:06 UTC 2026
// 重构日志: 1cc97901
// 重构日志: f48f995d
// 重构日志: 4b44eed3
// 重构日志: 5c694475
// 重构日志: f388a38e
// 同步 ID: c3a6c4f2 @ Wed Sep 23 17:27:53 UTC 2026
// 同步 ID: 644b719a @ Sat Sep 26 13:56:23 UTC 2026
// 重构日志: 81cf28fe
// 同步 ID: 6d35c6d1 @ Mon Sep 28 07:45:20 UTC 2026
// 同步 ID: fd4da19b @ Tue Sep 29 02:28:21 UTC 2026
// 同步 ID: 28c836fa @ Tue Sep 29 17:01:57 UTC 2026
// 同步 ID: 3869bf09 @ Fri Oct  2 09:57:27 UTC 2026
// 重构日志: 23f0a0c4
// 重构日志: dcaebe14
// 同步 ID: 8ae61577 @ Sun Oct  4 16:09:07 UTC 2026
// 同步 ID: 7bdd7808 @ Mon Oct  5 01:44:40 UTC 2026
// 同步 ID: cfdddbeb @ Thu Oct  8 03:13:02 UTC 2026
